[LOCAL] [2026-08-07 02:50:09] INFO [apps.billing.services]: [MockPAC] Listando clientes de org None
[LOCAL] [2026-08-07 02:50:09] INFO [apps.billing.services]: [MockPAC] Creando cliente XAXX010101000 en org None
[LOCAL] [2026-08-07 02:50:09] INFO [apps.billing.services]: [MockPAC] Actualizando cliente cus_mock_85111e0786fd en org None
[LOCAL] [2026-08-07 02:50:09] INFO [apps.billing.services]: [MockPAC] Eliminando cliente cus_mock_85111e0786fd de org None
[LOCAL] [2026-08-07 02:50:11] INFO [apps.billing.services]: [MockPAC] Listando clientes de org org_mock_tenant_123
[LOCAL] [2026-08-07 02:50:11] INFO [apps.billing.services]: [MockPAC] Creando cliente XAXX010101000 en org org_mock_tenant_123
[LOCAL] [2026-08-07 02:50:11] INFO [apps.billing.services]: [MockPAC] Actualizando cliente cus_mock_001 en org org_mock_tenant_123
[LOCAL] [2026-08-07 02:50:11] INFO [apps.billing.services]: [MockPAC] Eliminando cliente cus_mock_001 de org org_mock_tenant_123
[LOCAL] [2026-08-07 02:50:13] INFO [apps.billing.services]: [MockPAC] Listando productos de org None
[LOCAL] [2026-08-07 02:50:13] INFO [apps.billing.services]: [MockPAC] Creando producto Global Plan Item en org None
[LOCAL] [2026-08-07 02:50:13] INFO [apps.billing.services]: [MockPAC] Actualizando producto prod_mock_d57574a3f8f6 en org None
[LOCAL] [2026-08-07 02:50:13] INFO [apps.billing.services]: [MockPAC] Eliminando producto prod_mock_d57574a3f8f6 de org None
[LOCAL] [2026-08-07 02:50:14] INFO [apps.billing.services]: [MockPAC] Listando productos de org org_mock_tenant_123
[LOCAL] [2026-08-07 02:50:14] INFO [apps.billing.services]: [MockPAC] Creando producto Premium Support Hours en org org_mock_tenant_123
[LOCAL] [2026-08-07 02:50:14] INFO [apps.billing.services]: [MockPAC] Actualizando producto prod_mock_001 en org org_mock_tenant_123
[LOCAL] [2026-08-07 02:50:14] INFO [apps.billing.services]: [MockPAC] Eliminando producto prod_mock_001 de org org_mock_tenant_123
[LOCAL] [2026-08-07 02:50:16] INFO [apps.billing.services]: [MockPAC] Creando recibo para org None
[LOCAL] [2026-08-07 02:50:18] INFO [apps.billing.services]: [MockPAC] Listando recibos de org org_mock_tenant_123
[LOCAL] [2026-08-07 02:50:18] INFO [apps.billing.services]: [MockPAC] Creando recibo para org org_mock_tenant_123
[LOCAL] [2026-08-07 02:50:20] INFO [apps.billing.services]: [MockPAC] Creando retención para org None
[LOCAL] [2026-08-07 02:50:22] INFO [apps.billing.services]: [MockPAC] Listando retenciones de org org_mock_tenant_123
[LOCAL] [2026-08-07 02:50:22] INFO [apps.billing.services]: [MockPAC] Creando retención para org org_mock_tenant_123
[LOCAL] [2026-08-07 02:50:34] INFO [apps.billing.services]: [MockPAC] Solicitando cancelación para CFDI SAT UUID: a3c428a2-25de-4dfb-90f7-872ab67262ba con motivo 02, sustitución: None
[LOCAL] [2026-08-07 02:50:34] INFO [apps.billing.services]: [MockPAC] Generando factura por $20000.00 en org parent
[LOCAL] [2026-08-07 02:50:39] INFO [apps.billing.services]: [MockPAC] Generando factura por $100.0 en org org_mock_tenant_123
[LOCAL] [2026-08-07 02:50:43] INFO [apps.billing.services]: [MockPAC] Generando factura por $1000.0 en org org_mock_tenant_lco
[LOCAL] [2026-08-07 02:50:45] INFO [apps.billing.services]: [MockPAC] Generando factura por $20000.00 en org None
[LOCAL] [2026-08-07 02:50:46] INFO [apps.billing.services]: [MockPAC] Generando factura por $20000.00 en org None
[LOCAL] [2026-08-07 02:50:48] INFO [apps.billing.services]: [MockPAC] Generando factura por $500.00 en org org_mock_tenant_123
[LOCAL] [2026-08-07 02:50:50] INFO [apps.billing.services]: [MockPAC] Generando factura por $500.00 en org org_mock_tenant_123
[LOCAL] [2026-08-07 02:50:52] INFO [apps.billing.services]: [MockPAC] Generando factura por $500.00 en org org_mock_tenant_123
[LOCAL] [2026-08-07 02:51:14] INFO [apps.billing.services]: [MockPAC] Creando organización para RFC: XAXX010101000
[LOCAL] [2026-08-07 02:51:16] INFO [apps.billing.services]: [MockPAC] Generando factura por $1000.0 en org org_mock_tenant_lco
[LOCAL] [2026-08-07 02:51:18] INFO [apps.billing.services]: [MockPAC] Generando factura por $1000.0 en org org_mock_tenant_123
[LOCAL] [2026-08-11 05:58:59] INFO [apps.billing.services]: [MockPAC] Listando clientes de org None
[LOCAL] [2026-08-11 05:58:59] INFO [apps.billing.services]: [MockPAC] Creando cliente XAXX010101000 en org None
[LOCAL] [2026-08-11 05:58:59] INFO [apps.billing.services]: [MockPAC] Actualizando cliente cus_mock_705abc40a73a en org None
[LOCAL] [2026-08-11 05:58:59] INFO [apps.billing.services]: [MockPAC] Eliminando cliente cus_mock_705abc40a73a de org None
[LOCAL] [2026-08-11 05:59:00] INFO [apps.billing.services]: [MockPAC] Listando clientes de org org_mock_tenant_123
[LOCAL] [2026-08-11 05:59:00] INFO [apps.billing.services]: [MockPAC] Creando cliente XAXX010101000 en org org_mock_tenant_123
[LOCAL] [2026-08-11 05:59:00] INFO [apps.billing.services]: [MockPAC] Actualizando cliente cus_mock_001 en org org_mock_tenant_123
[LOCAL] [2026-08-11 05:59:00] INFO [apps.billing.services]: [MockPAC] Eliminando cliente cus_mock_001 de org org_mock_tenant_123
[LOCAL] [2026-08-11 05:59:01] INFO [apps.billing.services]: [MockPAC] Listando productos de org None
[LOCAL] [2026-08-11 05:59:01] INFO [apps.billing.services]: [MockPAC] Creando producto Global Plan Item en org None
[LOCAL] [2026-08-11 05:59:01] INFO [apps.billing.services]: [MockPAC] Actualizando producto prod_mock_159cedf80949 en org None
[LOCAL] [2026-08-11 05:59:01] INFO [apps.billing.services]: [MockPAC] Eliminando producto prod_mock_159cedf80949 de org None
[LOCAL] [2026-08-11 05:59:02] INFO [apps.billing.services]: [MockPAC] Listando productos de org org_mock_tenant_123
[LOCAL] [2026-08-11 05:59:02] INFO [apps.billing.services]: [MockPAC] Creando producto Premium Support Hours en org org_mock_tenant_123
[LOCAL] [2026-08-11 05:59:02] INFO [apps.billing.services]: [MockPAC] Actualizando producto prod_mock_001 en org org_mock_tenant_123
[LOCAL] [2026-08-11 05:59:02] INFO [apps.billing.services]: [MockPAC] Eliminando producto prod_mock_001 de org org_mock_tenant_123
[LOCAL] [2026-08-11 05:59:03] INFO [apps.billing.services]: [MockPAC] Creando recibo para org None
[LOCAL] [2026-08-11 05:59:04] INFO [apps.billing.services]: [MockPAC] Listando recibos de org org_mock_tenant_123
[LOCAL] [2026-08-11 05:59:04] INFO [apps.billing.services]: [MockPAC] Creando recibo para org org_mock_tenant_123
[LOCAL] [2026-08-11 05:59:05] INFO [apps.billing.services]: [MockPAC] Creando retención para org None
[LOCAL] [2026-08-11 05:59:06] INFO [apps.billing.services]: [MockPAC] Listando retenciones de org org_mock_tenant_123
[LOCAL] [2026-08-11 05:59:06] INFO [apps.billing.services]: [MockPAC] Creando retención para org org_mock_tenant_123
[LOCAL] [2026-08-11 05:59:11] INFO [apps.billing.services]: [MockPAC] Solicitando cancelación para CFDI SAT UUID: a3c428a2-25de-4dfb-90f7-872ab67262ba con motivo 02, sustitución: None
[LOCAL] [2026-08-11 05:59:11] INFO [apps.billing.services]: [MockPAC] Generando factura por $20000.00 en org parent
[LOCAL] [2026-08-11 05:59:13] INFO [apps.billing.services]: [MockPAC] Generando factura por $100.0 en org org_mock_tenant_123
[LOCAL] [2026-08-11 05:59:15] INFO [apps.billing.services]: [MockPAC] Generando factura por $1000.0 en org org_mock_tenant_lco
[LOCAL] [2026-08-11 05:59:16] INFO [apps.billing.services]: [MockPAC] Generando factura por $20000.00 en org None
[LOCAL] [2026-08-11 05:59:17] INFO [apps.billing.services]: [MockPAC] Generando factura por $20000.00 en org None
[LOCAL] [2026-08-11 05:59:18] INFO [apps.billing.services]: [MockPAC] Generando factura por $500.00 en org org_mock_tenant_123
[LOCAL] [2026-08-11 05:59:18] INFO [apps.billing.services]: [MockPAC] Generando factura por $500.00 en org org_mock_tenant_123
[LOCAL] [2026-08-11 05:59:19] INFO [apps.billing.services]: [MockPAC] Generando factura por $500.00 en org org_mock_tenant_123
[LOCAL] [2026-08-11 05:59:28] INFO [apps.billing.services]: [MockPAC] Creando organización para RFC: XAXX010101000
[LOCAL] [2026-08-11 05:59:29] INFO [apps.billing.services]: [MockPAC] Generando factura por $1000.0 en org org_mock_tenant_lco
[LOCAL] [2026-08-11 05:59:30] INFO [apps.billing.services]: [MockPAC] Generando factura por $1000.0 en org org_mock_tenant_123
[LOCAL] [2026-08-11 06:39:08] INFO [apps.billing.services]: [MockPAC] Listando clientes de org None
[LOCAL] [2026-08-11 06:39:08] INFO [apps.billing.services]: [MockPAC] Creando cliente XAXX010101000 en org None
[LOCAL] [2026-08-11 06:39:08] INFO [apps.billing.services]: [MockPAC] Actualizando cliente cus_mock_7e2ab3429f00 en org None
[LOCAL] [2026-08-11 06:39:08] INFO [apps.billing.services]: [MockPAC] Eliminando cliente cus_mock_7e2ab3429f00 de org None
[LOCAL] [2026-08-11 06:39:09] INFO [apps.billing.services]: [MockPAC] Listando clientes de org org_mock_tenant_123
[LOCAL] [2026-08-11 06:39:09] INFO [apps.billing.services]: [MockPAC] Creando cliente XAXX010101000 en org org_mock_tenant_123
[LOCAL] [2026-08-11 06:39:09] INFO [apps.billing.services]: [MockPAC] Actualizando cliente cus_mock_001 en org org_mock_tenant_123
[LOCAL] [2026-08-11 06:39:09] INFO [apps.billing.services]: [MockPAC] Eliminando cliente cus_mock_001 de org org_mock_tenant_123
[LOCAL] [2026-08-11 06:39:10] INFO [apps.billing.services]: [MockPAC] Listando productos de org None
[LOCAL] [2026-08-11 06:39:10] INFO [apps.billing.services]: [MockPAC] Creando producto Global Plan Item en org None
[LOCAL] [2026-08-11 06:39:10] INFO [apps.billing.services]: [MockPAC] Actualizando producto prod_mock_669c0b457bb4 en org None
[LOCAL] [2026-08-11 06:39:10] INFO [apps.billing.services]: [MockPAC] Eliminando producto prod_mock_669c0b457bb4 de org None
[LOCAL] [2026-08-11 06:39:10] INFO [apps.billing.services]: [MockPAC] Listando productos de org org_mock_tenant_123
[LOCAL] [2026-08-11 06:39:10] INFO [apps.billing.services]: [MockPAC] Creando producto Premium Support Hours en org org_mock_tenant_123
[LOCAL] [2026-08-11 06:39:10] INFO [apps.billing.services]: [MockPAC] Actualizando producto prod_mock_001 en org org_mock_tenant_123
[LOCAL] [2026-08-11 06:39:10] INFO [apps.billing.services]: [MockPAC] Eliminando producto prod_mock_001 de org org_mock_tenant_123
[LOCAL] [2026-08-11 06:39:11] INFO [apps.billing.services]: [MockPAC] Creando recibo para org None
[LOCAL] [2026-08-11 06:39:12] INFO [apps.billing.services]: [MockPAC] Listando recibos de org org_mock_tenant_123
[LOCAL] [2026-08-11 06:39:12] INFO [apps.billing.services]: [MockPAC] Creando recibo para org org_mock_tenant_123
[LOCAL] [2026-08-11 06:39:13] INFO [apps.billing.services]: [MockPAC] Creando retención para org None
[LOCAL] [2026-08-11 06:39:14] INFO [apps.billing.services]: [MockPAC] Listando retenciones de org org_mock_tenant_123
[LOCAL] [2026-08-11 06:39:14] INFO [apps.billing.services]: [MockPAC] Creando retención para org org_mock_tenant_123
[LOCAL] [2026-08-11 06:39:19] INFO [apps.billing.services]: [MockPAC] Solicitando cancelación para CFDI SAT UUID: a3c428a2-25de-4dfb-90f7-872ab67262ba con motivo 02, sustitución: None
[LOCAL] [2026-08-11 06:39:19] INFO [apps.billing.services]: [MockPAC] Generando factura por $20000.00 en org parent
[LOCAL] [2026-08-11 06:39:21] INFO [apps.billing.services]: [MockPAC] Generando factura por $100.0 en org org_mock_tenant_123
[LOCAL] [2026-08-11 06:39:23] INFO [apps.billing.services]: [MockPAC] Generando factura por $1000.0 en org org_mock_tenant_lco
[LOCAL] [2026-08-11 06:39:24] INFO [apps.billing.services]: [MockPAC] Generando factura por $20000.00 en org None
[LOCAL] [2026-08-11 06:39:24] INFO [apps.billing.services]: [MockPAC] Generando factura por $20000.00 en org None
[LOCAL] [2026-08-11 06:39:25] INFO [apps.billing.services]: [MockPAC] Generando factura por $500.00 en org org_mock_tenant_123
[LOCAL] [2026-08-11 06:39:26] INFO [apps.billing.services]: [MockPAC] Generando factura por $500.00 en org org_mock_tenant_123
[LOCAL] [2026-08-11 06:39:27] INFO [apps.billing.services]: [MockPAC] Generando factura por $500.00 en org org_mock_tenant_123
[LOCAL] [2026-08-11 06:39:36] INFO [apps.billing.services]: [MockPAC] Creando organización para RFC: XAXX010101000
[LOCAL] [2026-08-11 06:39:37] INFO [apps.billing.services]: [MockPAC] Generando factura por $1000.0 en org org_mock_tenant_lco
[LOCAL] [2026-08-11 06:39:37] INFO [apps.billing.services]: [MockPAC] Generando factura por $1000.0 en org org_mock_tenant_123
[LOCAL] [2026-08-11 07:02:05] INFO [apps.billing.services]: [MockPAC] Listando clientes de org None
[LOCAL] [2026-08-11 07:02:05] INFO [apps.billing.services]: [MockPAC] Creando cliente XAXX010101000 en org None
[LOCAL] [2026-08-11 07:02:05] INFO [apps.billing.services]: [MockPAC] Actualizando cliente cus_mock_5d2e4aa9e3c4 en org None
[LOCAL] [2026-08-11 07:02:05] INFO [apps.billing.services]: [MockPAC] Eliminando cliente cus_mock_5d2e4aa9e3c4 de org None
[LOCAL] [2026-08-11 07:02:06] INFO [apps.billing.services]: [MockPAC] Listando clientes de org org_mock_tenant_123
[LOCAL] [2026-08-11 07:02:06] INFO [apps.billing.services]: [MockPAC] Creando cliente XAXX010101000 en org org_mock_tenant_123
[LOCAL] [2026-08-11 07:02:06] INFO [apps.billing.services]: [MockPAC] Actualizando cliente cus_mock_001 en org org_mock_tenant_123
[LOCAL] [2026-08-11 07:02:06] INFO [apps.billing.services]: [MockPAC] Eliminando cliente cus_mock_001 de org org_mock_tenant_123
[LOCAL] [2026-08-11 07:02:07] INFO [apps.billing.services]: [MockPAC] Listando productos de org None
[LOCAL] [2026-08-11 07:02:07] INFO [apps.billing.services]: [MockPAC] Creando producto Global Plan Item en org None
[LOCAL] [2026-08-11 07:02:07] INFO [apps.billing.services]: [MockPAC] Actualizando producto prod_mock_1514e10f67c5 en org None
[LOCAL] [2026-08-11 07:02:07] INFO [apps.billing.services]: [MockPAC] Eliminando producto prod_mock_1514e10f67c5 de org None
[LOCAL] [2026-08-11 07:02:08] INFO [apps.billing.services]: [MockPAC] Listando productos de org org_mock_tenant_123
[LOCAL] [2026-08-11 07:02:08] INFO [apps.billing.services]: [MockPAC] Creando producto Premium Support Hours en org org_mock_tenant_123
[LOCAL] [2026-08-11 07:02:08] INFO [apps.billing.services]: [MockPAC] Actualizando producto prod_mock_001 en org org_mock_tenant_123
[LOCAL] [2026-08-11 07:02:08] INFO [apps.billing.services]: [MockPAC] Eliminando producto prod_mock_001 de org org_mock_tenant_123
[LOCAL] [2026-08-11 07:02:09] INFO [apps.billing.services]: [MockPAC] Creando recibo para org None
[LOCAL] [2026-08-11 07:02:10] INFO [apps.billing.services]: [MockPAC] Listando recibos de org org_mock_tenant_123
[LOCAL] [2026-08-11 07:02:10] INFO [apps.billing.services]: [MockPAC] Creando recibo para org org_mock_tenant_123
[LOCAL] [2026-08-11 07:02:11] INFO [apps.billing.services]: [MockPAC] Creando retención para org None
[LOCAL] [2026-08-11 07:02:12] INFO [apps.billing.services]: [MockPAC] Listando retenciones de org org_mock_tenant_123
[LOCAL] [2026-08-11 07:02:12] INFO [apps.billing.services]: [MockPAC] Creando retención para org org_mock_tenant_123
[LOCAL] [2026-08-11 07:02:17] INFO [apps.billing.services]: [MockPAC] Solicitando cancelación para CFDI SAT UUID: a3c428a2-25de-4dfb-90f7-872ab67262ba con motivo 02, sustitución: None
[LOCAL] [2026-08-11 07:02:17] INFO [apps.billing.services]: [MockPAC] Generando factura por $20000.00 en org parent
[LOCAL] [2026-08-11 07:02:19] INFO [apps.billing.services]: [MockPAC] Generando factura por $100.0 en org org_mock_tenant_123
[LOCAL] [2026-08-11 07:02:21] INFO [apps.billing.services]: [MockPAC] Generando factura por $1000.0 en org org_mock_tenant_lco
[LOCAL] [2026-08-11 07:02:22] INFO [apps.billing.services]: [MockPAC] Generando factura por $20000.00 en org None
[LOCAL] [2026-08-11 07:02:22] INFO [apps.billing.services]: [MockPAC] Generando factura por $20000.00 en org None
[LOCAL] [2026-08-11 07:02:23] INFO [apps.billing.services]: [MockPAC] Generando factura por $500.00 en org org_mock_tenant_123
[LOCAL] [2026-08-11 07:02:24] INFO [apps.billing.services]: [MockPAC] Generando factura por $500.00 en org org_mock_tenant_123
[LOCAL] [2026-08-11 07:02:25] INFO [apps.billing.services]: [MockPAC] Generando factura por $500.00 en org org_mock_tenant_123
[LOCAL] [2026-08-11 07:02:34] INFO [apps.billing.services]: [MockPAC] Creando organización para RFC: XAXX010101000
[LOCAL] [2026-08-11 07:02:35] INFO [apps.billing.services]: [MockPAC] Generando factura por $1000.0 en org org_mock_tenant_lco
[LOCAL] [2026-08-11 07:02:35] INFO [apps.billing.services]: [MockPAC] Generando factura por $1000.0 en org org_mock_tenant_123
[LOCAL] [2026-08-19 08:16:56] INFO [apps.billing.services]: [MockPAC] Listando clientes de org None
[LOCAL] [2026-08-19 08:16:56] INFO [apps.billing.services]: [MockPAC] Creando cliente XAXX010101000 en org None
[LOCAL] [2026-08-19 08:16:56] INFO [apps.billing.services]: [MockPAC] Actualizando cliente cus_mock_2cc8e2321e42 en org None
[LOCAL] [2026-08-19 08:16:56] INFO [apps.billing.services]: [MockPAC] Eliminando cliente cus_mock_2cc8e2321e42 de org None
[LOCAL] [2026-08-19 08:16:57] INFO [apps.billing.services]: [MockPAC] Listando clientes de org org_mock_tenant_123
[LOCAL] [2026-08-19 08:16:57] INFO [apps.billing.services]: [MockPAC] Creando cliente XAXX010101000 en org org_mock_tenant_123
[LOCAL] [2026-08-19 08:16:57] INFO [apps.billing.services]: [MockPAC] Actualizando cliente cus_mock_001 en org org_mock_tenant_123
[LOCAL] [2026-08-19 08:16:57] INFO [apps.billing.services]: [MockPAC] Eliminando cliente cus_mock_001 de org org_mock_tenant_123
[LOCAL] [2026-08-19 08:16:57] INFO [apps.billing.services]: [MockPAC] Listando productos de org None
[LOCAL] [2026-08-19 08:16:57] INFO [apps.billing.services]: [MockPAC] Creando producto Global Plan Item en org None
[LOCAL] [2026-08-19 08:16:57] INFO [apps.billing.services]: [MockPAC] Actualizando producto prod_mock_0a7b44a07409 en org None
[LOCAL] [2026-08-19 08:16:57] INFO [apps.billing.services]: [MockPAC] Eliminando producto prod_mock_0a7b44a07409 de org None
[LOCAL] [2026-08-19 08:16:58] INFO [apps.billing.services]: [MockPAC] Listando productos de org org_mock_tenant_123
[LOCAL] [2026-08-19 08:16:58] INFO [apps.billing.services]: [MockPAC] Creando producto Premium Support Hours en org org_mock_tenant_123
[LOCAL] [2026-08-19 08:16:58] INFO [apps.billing.services]: [MockPAC] Actualizando producto prod_mock_001 en org org_mock_tenant_123
[LOCAL] [2026-08-19 08:16:58] INFO [apps.billing.services]: [MockPAC] Eliminando producto prod_mock_001 de org org_mock_tenant_123
[LOCAL] [2026-08-19 08:16:59] INFO [apps.billing.services]: [MockPAC] Creando recibo para org None
[LOCAL] [2026-08-19 08:17:00] INFO [apps.billing.services]: [MockPAC] Listando recibos de org org_mock_tenant_123
[LOCAL] [2026-08-19 08:17:00] INFO [apps.billing.services]: [MockPAC] Creando recibo para org org_mock_tenant_123
[LOCAL] [2026-08-19 08:17:01] INFO [apps.billing.services]: [MockPAC] Creando retención para org None
[LOCAL] [2026-08-19 08:17:02] INFO [apps.billing.services]: [MockPAC] Listando retenciones de org org_mock_tenant_123
[LOCAL] [2026-08-19 08:17:02] INFO [apps.billing.services]: [MockPAC] Creando retención para org org_mock_tenant_123
[LOCAL] [2026-08-19 08:17:07] INFO [apps.billing.services]: [MockPAC] Solicitando cancelación para CFDI SAT UUID: a3c428a2-25de-4dfb-90f7-872ab67262ba con motivo 02, sustitución: None
[LOCAL] [2026-08-19 08:17:07] INFO [apps.billing.services]: [MockPAC] Generando factura por $20000.00 en org parent
[LOCAL] [2026-08-19 08:17:09] INFO [apps.billing.services]: [MockPAC] Generando factura por $100.0 en org org_mock_tenant_123
[LOCAL] [2026-08-19 08:17:11] INFO [apps.billing.services]: [MockPAC] Generando factura por $1000.0 en org org_mock_tenant_lco
[LOCAL] [2026-08-19 08:17:12] INFO [apps.billing.services]: [MockPAC] Generando factura por $20000.00 en org None
[LOCAL] [2026-08-19 08:17:12] INFO [apps.billing.services]: [MockPAC] Generando factura por $20000.00 en org None
[LOCAL] [2026-08-19 08:17:13] INFO [apps.billing.services]: [MockPAC] Generando factura por $500.00 en org org_mock_tenant_123
[LOCAL] [2026-08-19 08:17:14] INFO [apps.billing.services]: [MockPAC] Generando factura por $500.00 en org org_mock_tenant_123
[LOCAL] [2026-08-19 08:17:15] INFO [apps.billing.services]: [MockPAC] Generando factura por $500.00 en org org_mock_tenant_123
[LOCAL] [2026-08-19 08:17:23] INFO [apps.billing.services]: [MockPAC] Creando organización para RFC: XAXX010101000
[LOCAL] [2026-08-19 08:17:24] INFO [apps.billing.services]: [MockPAC] Generando factura por $1000.0 en org org_mock_tenant_lco
[LOCAL] [2026-08-19 08:17:25] INFO [apps.billing.services]: [MockPAC] Generando factura por $1000.0 en org org_mock_tenant_123
[LOCAL] [2026-08-19 08:30:55] INFO [apps.billing.services]: [MockPAC] Listando clientes de org None
[LOCAL] [2026-08-19 08:30:55] INFO [apps.billing.services]: [MockPAC] Creando cliente XAXX010101000 en org None
[LOCAL] [2026-08-19 08:30:55] INFO [apps.billing.services]: [MockPAC] Actualizando cliente cus_mock_868edef61b6b en org None
[LOCAL] [2026-08-19 08:30:55] INFO [apps.billing.services]: [MockPAC] Eliminando cliente cus_mock_868edef61b6b de org None
[LOCAL] [2026-08-19 08:30:56] INFO [apps.billing.services]: [MockPAC] Listando clientes de org org_mock_tenant_123
[LOCAL] [2026-08-19 08:30:56] INFO [apps.billing.services]: [MockPAC] Creando cliente XAXX010101000 en org org_mock_tenant_123
[LOCAL] [2026-08-19 08:30:56] INFO [apps.billing.services]: [MockPAC] Actualizando cliente cus_mock_001 en org org_mock_tenant_123
[LOCAL] [2026-08-19 08:30:56] INFO [apps.billing.services]: [MockPAC] Eliminando cliente cus_mock_001 de org org_mock_tenant_123
[LOCAL] [2026-08-19 08:30:57] INFO [apps.billing.services]: [MockPAC] Listando productos de org None
[LOCAL] [2026-08-19 08:30:57] INFO [apps.billing.services]: [MockPAC] Creando producto Global Plan Item en org None
[LOCAL] [2026-08-19 08:30:57] INFO [apps.billing.services]: [MockPAC] Actualizando producto prod_mock_e5da2f6cd6da en org None
[LOCAL] [2026-08-19 08:30:57] INFO [apps.billing.services]: [MockPAC] Eliminando producto prod_mock_e5da2f6cd6da de org None
[LOCAL] [2026-08-19 08:30:57] INFO [apps.billing.services]: [MockPAC] Listando productos de org org_mock_tenant_123
[LOCAL] [2026-08-19 08:30:57] INFO [apps.billing.services]: [MockPAC] Creando producto Premium Support Hours en org org_mock_tenant_123
[LOCAL] [2026-08-19 08:30:57] INFO [apps.billing.services]: [MockPAC] Actualizando producto prod_mock_001 en org org_mock_tenant_123
[LOCAL] [2026-08-19 08:30:57] INFO [apps.billing.services]: [MockPAC] Eliminando producto prod_mock_001 de org org_mock_tenant_123
[LOCAL] [2026-08-19 08:30:58] INFO [apps.billing.services]: [MockPAC] Creando recibo para org None
[LOCAL] [2026-08-19 08:30:59] INFO [apps.billing.services]: [MockPAC] Listando recibos de org org_mock_tenant_123
[LOCAL] [2026-08-19 08:30:59] INFO [apps.billing.services]: [MockPAC] Creando recibo para org org_mock_tenant_123
[LOCAL] [2026-08-19 08:31:00] INFO [apps.billing.services]: [MockPAC] Creando retención para org None
[LOCAL] [2026-08-19 08:31:01] INFO [apps.billing.services]: [MockPAC] Listando retenciones de org org_mock_tenant_123
[LOCAL] [2026-08-19 08:31:01] INFO [apps.billing.services]: [MockPAC] Creando retención para org org_mock_tenant_123
[LOCAL] [2026-08-19 08:31:06] INFO [apps.billing.services]: [MockPAC] Solicitando cancelación para CFDI SAT UUID: a3c428a2-25de-4dfb-90f7-872ab67262ba con motivo 02, sustitución: None
[LOCAL] [2026-08-19 08:31:06] INFO [apps.billing.services]: [MockPAC] Generando factura por $20000.00 en org parent
[LOCAL] [2026-08-19 08:31:08] INFO [apps.billing.services]: [MockPAC] Generando factura por $100.0 en org org_mock_tenant_123
[LOCAL] [2026-08-19 08:31:10] INFO [apps.billing.services]: [MockPAC] Generando factura por $1000.0 en org org_mock_tenant_lco
[LOCAL] [2026-08-19 08:31:11] INFO [apps.billing.services]: [MockPAC] Generando factura por $20000.00 en org None
[LOCAL] [2026-08-19 08:31:11] INFO [apps.billing.services]: [MockPAC] Generando factura por $20000.00 en org None
[LOCAL] [2026-08-19 08:31:12] INFO [apps.billing.services]: [MockPAC] Generando factura por $500.00 en org org_mock_tenant_123
[LOCAL] [2026-08-19 08:31:13] INFO [apps.billing.services]: [MockPAC] Generando factura por $500.00 en org org_mock_tenant_123
[LOCAL] [2026-08-19 08:31:14] INFO [apps.billing.services]: [MockPAC] Generando factura por $500.00 en org org_mock_tenant_123
[LOCAL] [2026-08-19 08:31:22] INFO [apps.billing.services]: [MockPAC] Creando organización para RFC: XAXX010101000
[LOCAL] [2026-08-19 08:31:23] INFO [apps.billing.services]: [MockPAC] Generando factura por $1000.0 en org org_mock_tenant_lco
[LOCAL] [2026-08-19 08:31:24] INFO [apps.billing.services]: [MockPAC] Generando factura por $1000.0 en org org_mock_tenant_123
[LOCAL] [2026-08-20 04:04:13] INFO [apps.billing.services]: [MockPAC] Listando clientes de org None
[LOCAL] [2026-08-20 04:04:13] INFO [apps.billing.services]: [MockPAC] Creando cliente XAXX010101000 en org None
[LOCAL] [2026-08-20 04:04:13] INFO [apps.billing.services]: [MockPAC] Actualizando cliente cus_mock_feb346050002 en org None
[LOCAL] [2026-08-20 04:04:13] INFO [apps.billing.services]: [MockPAC] Eliminando cliente cus_mock_feb346050002 de org None
[LOCAL] [2026-08-20 04:04:14] INFO [apps.billing.services]: [MockPAC] Listando clientes de org org_mock_tenant_123
[LOCAL] [2026-08-20 04:04:14] INFO [apps.billing.services]: [MockPAC] Creando cliente XAXX010101000 en org org_mock_tenant_123
[LOCAL] [2026-08-20 04:04:14] INFO [apps.billing.services]: [MockPAC] Actualizando cliente cus_mock_001 en org org_mock_tenant_123
[LOCAL] [2026-08-20 04:04:14] INFO [apps.billing.services]: [MockPAC] Eliminando cliente cus_mock_001 de org org_mock_tenant_123
[LOCAL] [2026-08-20 04:04:15] INFO [apps.billing.services]: [MockPAC] Listando productos de org None
[LOCAL] [2026-08-20 04:04:15] INFO [apps.billing.services]: [MockPAC] Creando producto Global Plan Item en org None
[LOCAL] [2026-08-20 04:04:15] INFO [apps.billing.services]: [MockPAC] Actualizando producto prod_mock_2681ad223765 en org None
[LOCAL] [2026-08-20 04:04:15] INFO [apps.billing.services]: [MockPAC] Eliminando producto prod_mock_2681ad223765 de org None
[LOCAL] [2026-08-20 04:04:16] INFO [apps.billing.services]: [MockPAC] Listando productos de org org_mock_tenant_123
[LOCAL] [2026-08-20 04:04:16] INFO [apps.billing.services]: [MockPAC] Creando producto Premium Support Hours en org org_mock_tenant_123
[LOCAL] [2026-08-20 04:04:16] INFO [apps.billing.services]: [MockPAC] Actualizando producto prod_mock_001 en org org_mock_tenant_123
[LOCAL] [2026-08-20 04:04:16] INFO [apps.billing.services]: [MockPAC] Eliminando producto prod_mock_001 de org org_mock_tenant_123
[LOCAL] [2026-08-20 04:04:17] INFO [apps.billing.services]: [MockPAC] Creando recibo para org None
[LOCAL] [2026-08-20 04:04:18] INFO [apps.billing.services]: [MockPAC] Listando recibos de org org_mock_tenant_123
[LOCAL] [2026-08-20 04:04:18] INFO [apps.billing.services]: [MockPAC] Creando recibo para org org_mock_tenant_123
[LOCAL] [2026-08-20 04:04:18] INFO [apps.billing.services]: [MockPAC] Creando retención para org None
[LOCAL] [2026-08-20 04:04:19] INFO [apps.billing.services]: [MockPAC] Listando retenciones de org org_mock_tenant_123
[LOCAL] [2026-08-20 04:04:19] INFO [apps.billing.services]: [MockPAC] Creando retención para org org_mock_tenant_123
[LOCAL] [2026-08-20 04:04:24] INFO [apps.billing.services]: [MockPAC] Solicitando cancelación para CFDI SAT UUID: a3c428a2-25de-4dfb-90f7-872ab67262ba con motivo 02, sustitución: None
[LOCAL] [2026-08-20 04:04:24] INFO [apps.billing.services]: [MockPAC] Generando factura por $20000.00 en org parent
[LOCAL] [2026-08-20 04:04:27] INFO [apps.billing.services]: [MockPAC] Generando factura por $100.0 en org org_mock_tenant_123
[LOCAL] [2026-08-20 04:04:28] INFO [apps.billing.services]: [MockPAC] Generando factura por $1000.0 en org org_mock_tenant_lco
[LOCAL] [2026-08-20 04:04:29] INFO [apps.billing.services]: [MockPAC] Generando factura por $20000.00 en org None
[LOCAL] [2026-08-20 04:04:30] INFO [apps.billing.services]: [MockPAC] Generando factura por $20000.00 en org None
[LOCAL] [2026-08-20 04:04:31] INFO [apps.billing.services]: [MockPAC] Generando factura por $500.00 en org org_mock_tenant_123
[LOCAL] [2026-08-20 04:04:32] INFO [apps.billing.services]: [MockPAC] Generando factura por $500.00 en org org_mock_tenant_123
[LOCAL] [2026-08-20 04:04:33] INFO [apps.billing.services]: [MockPAC] Generando factura por $500.00 en org org_mock_tenant_123
[LOCAL] [2026-08-20 04:04:41] INFO [apps.billing.services]: [MockPAC] Creando organización para RFC: XAXX010101000
[LOCAL] [2026-08-20 04:04:42] INFO [apps.billing.services]: [MockPAC] Generando factura por $1000.0 en org org_mock_tenant_lco
[LOCAL] [2026-08-20 04:04:43] INFO [apps.billing.services]: [MockPAC] Generando factura por $1000.0 en org org_mock_tenant_123
[LOCAL] [2026-08-20 04:34:34] INFO [apps.billing.services]: [MockPAC] Listando clientes de org None
[LOCAL] [2026-08-20 04:34:34] INFO [apps.billing.services]: [MockPAC] Creando cliente XAXX010101000 en org None
[LOCAL] [2026-08-20 04:34:34] INFO [apps.billing.services]: [MockPAC] Actualizando cliente cus_mock_d1922e3067d4 en org None
[LOCAL] [2026-08-20 04:34:34] INFO [apps.billing.services]: [MockPAC] Eliminando cliente cus_mock_d1922e3067d4 de org None
[LOCAL] [2026-08-20 04:34:34] INFO [apps.billing.services]: [MockPAC] Listando clientes de org org_mock_tenant_123
[LOCAL] [2026-08-20 04:34:34] INFO [apps.billing.services]: [MockPAC] Creando cliente XAXX010101000 en org org_mock_tenant_123
[LOCAL] [2026-08-20 04:34:34] INFO [apps.billing.services]: [MockPAC] Actualizando cliente cus_mock_001 en org org_mock_tenant_123
[LOCAL] [2026-08-20 04:34:34] INFO [apps.billing.services]: [MockPAC] Eliminando cliente cus_mock_001 de org org_mock_tenant_123
[LOCAL] [2026-08-20 04:34:35] INFO [apps.billing.services]: [MockPAC] Listando productos de org None
[LOCAL] [2026-08-20 04:34:35] INFO [apps.billing.services]: [MockPAC] Creando producto Global Plan Item en org None
[LOCAL] [2026-08-20 04:34:35] INFO [apps.billing.services]: [MockPAC] Actualizando producto prod_mock_395215f1fada en org None
[LOCAL] [2026-08-20 04:34:35] INFO [apps.billing.services]: [MockPAC] Eliminando producto prod_mock_395215f1fada de org None
[LOCAL] [2026-08-20 04:34:36] INFO [apps.billing.services]: [MockPAC] Listando productos de org org_mock_tenant_123
[LOCAL] [2026-08-20 04:34:36] INFO [apps.billing.services]: [MockPAC] Creando producto Premium Support Hours en org org_mock_tenant_123
[LOCAL] [2026-08-20 04:34:36] INFO [apps.billing.services]: [MockPAC] Actualizando producto prod_mock_001 en org org_mock_tenant_123
[LOCAL] [2026-08-20 04:34:36] INFO [apps.billing.services]: [MockPAC] Eliminando producto prod_mock_001 de org org_mock_tenant_123
[LOCAL] [2026-08-20 04:34:37] INFO [apps.billing.services]: [MockPAC] Creando recibo para org None
[LOCAL] [2026-08-20 04:34:38] INFO [apps.billing.services]: [MockPAC] Listando recibos de org org_mock_tenant_123
[LOCAL] [2026-08-20 04:34:38] INFO [apps.billing.services]: [MockPAC] Creando recibo para org org_mock_tenant_123
[LOCAL] [2026-08-20 04:34:39] INFO [apps.billing.services]: [MockPAC] Creando retención para org None
[LOCAL] [2026-08-20 04:34:40] INFO [apps.billing.services]: [MockPAC] Listando retenciones de org org_mock_tenant_123
[LOCAL] [2026-08-20 04:34:40] INFO [apps.billing.services]: [MockPAC] Creando retención para org org_mock_tenant_123
[LOCAL] [2026-08-20 04:34:45] INFO [apps.billing.services]: [MockPAC] Solicitando cancelación para CFDI SAT UUID: a3c428a2-25de-4dfb-90f7-872ab67262ba con motivo 02, sustitución: None
[LOCAL] [2026-08-20 04:34:45] INFO [apps.billing.services]: [MockPAC] Generando factura por $20000.00 en org parent
[LOCAL] [2026-08-20 04:34:47] INFO [apps.billing.services]: [MockPAC] Generando factura por $100.0 en org org_mock_tenant_123
[LOCAL] [2026-08-20 04:34:48] INFO [apps.billing.services]: [MockPAC] Generando factura por $1000.0 en org org_mock_tenant_lco
[LOCAL] [2026-08-20 04:34:49] INFO [apps.billing.services]: [MockPAC] Generando factura por $20000.00 en org None
[LOCAL] [2026-08-20 04:34:50] INFO [apps.billing.services]: [MockPAC] Generando factura por $20000.00 en org None
[LOCAL] [2026-08-20 04:34:51] INFO [apps.billing.services]: [MockPAC] Generando factura por $500.00 en org org_mock_tenant_123
[LOCAL] [2026-08-20 04:34:52] INFO [apps.billing.services]: [MockPAC] Generando factura por $500.00 en org org_mock_tenant_123
[LOCAL] [2026-08-20 04:34:53] INFO [apps.billing.services]: [MockPAC] Generando factura por $500.00 en org org_mock_tenant_123
[LOCAL] [2026-08-20 04:35:01] INFO [apps.billing.services]: [MockPAC] Creando organización para RFC: XAXX010101000
[LOCAL] [2026-08-20 04:35:02] INFO [apps.billing.services]: [MockPAC] Generando factura por $1000.0 en org org_mock_tenant_lco
[LOCAL] [2026-08-20 04:35:03] INFO [apps.billing.services]: [MockPAC] Generando factura por $1000.0 en org org_mock_tenant_123
[LOCAL] [2026-08-20 04:38:44] INFO [apps.billing.services]: [MockPAC] Listando clientes de org None
[LOCAL] [2026-08-20 04:38:44] INFO [apps.billing.services]: [MockPAC] Creando cliente XAXX010101000 en org None
[LOCAL] [2026-08-20 04:38:44] INFO [apps.billing.services]: [MockPAC] Actualizando cliente cus_mock_7b7622e6ebd5 en org None
[LOCAL] [2026-08-20 04:38:44] INFO [apps.billing.services]: [MockPAC] Eliminando cliente cus_mock_7b7622e6ebd5 de org None
[LOCAL] [2026-08-20 04:38:45] INFO [apps.billing.services]: [MockPAC] Listando clientes de org org_mock_tenant_123
[LOCAL] [2026-08-20 04:38:45] INFO [apps.billing.services]: [MockPAC] Creando cliente XAXX010101000 en org org_mock_tenant_123
[LOCAL] [2026-08-20 04:38:45] INFO [apps.billing.services]: [MockPAC] Actualizando cliente cus_mock_001 en org org_mock_tenant_123
[LOCAL] [2026-08-20 04:38:45] INFO [apps.billing.services]: [MockPAC] Eliminando cliente cus_mock_001 de org org_mock_tenant_123
[LOCAL] [2026-08-20 04:38:46] INFO [apps.billing.services]: [MockPAC] Listando productos de org None
[LOCAL] [2026-08-20 04:38:46] INFO [apps.billing.services]: [MockPAC] Creando producto Global Plan Item en org None
[LOCAL] [2026-08-20 04:38:46] INFO [apps.billing.services]: [MockPAC] Actualizando producto prod_mock_1518dd057d79 en org None
[LOCAL] [2026-08-20 04:38:46] INFO [apps.billing.services]: [MockPAC] Eliminando producto prod_mock_1518dd057d79 de org None
[LOCAL] [2026-08-20 04:38:47] INFO [apps.billing.services]: [MockPAC] Listando productos de org org_mock_tenant_123
[LOCAL] [2026-08-20 04:38:47] INFO [apps.billing.services]: [MockPAC] Creando producto Premium Support Hours en org org_mock_tenant_123
[LOCAL] [2026-08-20 04:38:47] INFO [apps.billing.services]: [MockPAC] Actualizando producto prod_mock_001 en org org_mock_tenant_123
[LOCAL] [2026-08-20 04:38:47] INFO [apps.billing.services]: [MockPAC] Eliminando producto prod_mock_001 de org org_mock_tenant_123
[LOCAL] [2026-08-20 04:38:48] INFO [apps.billing.services]: [MockPAC] Creando recibo para org None
[LOCAL] [2026-08-20 04:38:49] INFO [apps.billing.services]: [MockPAC] Listando recibos de org org_mock_tenant_123
[LOCAL] [2026-08-20 04:38:49] INFO [apps.billing.services]: [MockPAC] Creando recibo para org org_mock_tenant_123
[LOCAL] [2026-08-20 04:38:50] INFO [apps.billing.services]: [MockPAC] Creando retención para org None
[LOCAL] [2026-08-20 04:38:51] INFO [apps.billing.services]: [MockPAC] Listando retenciones de org org_mock_tenant_123
[LOCAL] [2026-08-20 04:38:51] INFO [apps.billing.services]: [MockPAC] Creando retención para org org_mock_tenant_123
[LOCAL] [2026-08-20 04:38:56] INFO [apps.billing.services]: [MockPAC] Solicitando cancelación para CFDI SAT UUID: a3c428a2-25de-4dfb-90f7-872ab67262ba con motivo 02, sustitución: None
[LOCAL] [2026-08-20 04:38:56] INFO [apps.billing.services]: [MockPAC] Generando factura por $20000.00 en org parent
[LOCAL] [2026-08-20 04:38:58] INFO [apps.billing.services]: [MockPAC] Generando factura por $100.0 en org org_mock_tenant_123
[LOCAL] [2026-08-20 04:39:00] INFO [apps.billing.services]: [MockPAC] Generando factura por $1000.0 en org org_mock_tenant_lco
[LOCAL] [2026-08-20 04:39:01] INFO [apps.billing.services]: [MockPAC] Generando factura por $20000.00 en org None
[LOCAL] [2026-08-20 04:39:01] INFO [apps.billing.services]: [MockPAC] Generando factura por $20000.00 en org None
[LOCAL] [2026-08-20 04:39:02] INFO [apps.billing.services]: [MockPAC] Generando factura por $500.00 en org org_mock_tenant_123
[LOCAL] [2026-08-20 04:39:03] INFO [apps.billing.services]: [MockPAC] Generando factura por $500.00 en org org_mock_tenant_123
[LOCAL] [2026-08-20 04:39:04] INFO [apps.billing.services]: [MockPAC] Generando factura por $500.00 en org org_mock_tenant_123
[LOCAL] [2026-08-20 04:39:13] INFO [apps.billing.services]: [MockPAC] Creando organización para RFC: XAXX010101000
[LOCAL] [2026-08-20 04:39:13] INFO [apps.billing.services]: [MockPAC] Generando factura por $1000.0 en org org_mock_tenant_lco
[LOCAL] [2026-08-20 04:39:14] INFO [apps.billing.services]: [MockPAC] Generando factura por $1000.0 en org org_mock_tenant_123
[LOCAL] [2026-08-20 06:49:57] INFO [apps.billing.services]: [MockPAC] Listando clientes de org None
[LOCAL] [2026-08-20 06:49:57] INFO [apps.billing.services]: [MockPAC] Creando cliente XAXX010101000 en org None
[LOCAL] [2026-08-20 06:49:57] INFO [apps.billing.services]: [MockPAC] Actualizando cliente cus_mock_320c4796ee63 en org None
[LOCAL] [2026-08-20 06:49:57] INFO [apps.billing.services]: [MockPAC] Eliminando cliente cus_mock_320c4796ee63 de org None
[LOCAL] [2026-08-20 06:49:58] INFO [apps.billing.services]: [MockPAC] Listando clientes de org org_mock_tenant_123
[LOCAL] [2026-08-20 06:49:58] INFO [apps.billing.services]: [MockPAC] Creando cliente XAXX010101000 en org org_mock_tenant_123
[LOCAL] [2026-08-20 06:49:58] INFO [apps.billing.services]: [MockPAC] Actualizando cliente cus_mock_001 en org org_mock_tenant_123
[LOCAL] [2026-08-20 06:49:58] INFO [apps.billing.services]: [MockPAC] Eliminando cliente cus_mock_001 de org org_mock_tenant_123
[LOCAL] [2026-08-20 06:49:59] INFO [apps.billing.services]: [MockPAC] Listando productos de org None
[LOCAL] [2026-08-20 06:49:59] INFO [apps.billing.services]: [MockPAC] Creando producto Global Plan Item en org None
[LOCAL] [2026-08-20 06:49:59] INFO [apps.billing.services]: [MockPAC] Actualizando producto prod_mock_0007da1e713c en org None
[LOCAL] [2026-08-20 06:49:59] INFO [apps.billing.services]: [MockPAC] Eliminando producto prod_mock_0007da1e713c de org None
[LOCAL] [2026-08-20 06:50:00] INFO [apps.billing.services]: [MockPAC] Listando productos de org org_mock_tenant_123
[LOCAL] [2026-08-20 06:50:00] INFO [apps.billing.services]: [MockPAC] Creando producto Premium Support Hours en org org_mock_tenant_123
[LOCAL] [2026-08-20 06:50:00] INFO [apps.billing.services]: [MockPAC] Actualizando producto prod_mock_001 en org org_mock_tenant_123
[LOCAL] [2026-08-20 06:50:00] INFO [apps.billing.services]: [MockPAC] Eliminando producto prod_mock_001 de org org_mock_tenant_123
[LOCAL] [2026-08-20 06:50:01] INFO [apps.billing.services]: [MockPAC] Creando recibo para org None
[LOCAL] [2026-08-20 06:50:02] INFO [apps.billing.services]: [MockPAC] Listando recibos de org org_mock_tenant_123
[LOCAL] [2026-08-20 06:50:02] INFO [apps.billing.services]: [MockPAC] Creando recibo para org org_mock_tenant_123
[LOCAL] [2026-08-20 06:50:03] INFO [apps.billing.services]: [MockPAC] Creando retención para org None
[LOCAL] [2026-08-20 06:50:04] INFO [apps.billing.services]: [MockPAC] Listando retenciones de org org_mock_tenant_123
[LOCAL] [2026-08-20 06:50:04] INFO [apps.billing.services]: [MockPAC] Creando retención para org org_mock_tenant_123
[LOCAL] [2026-08-20 06:50:09] INFO [apps.billing.services]: [MockPAC] Solicitando cancelación para CFDI SAT UUID: a3c428a2-25de-4dfb-90f7-872ab67262ba con motivo 02, sustitución: None
[LOCAL] [2026-08-20 06:50:09] INFO [apps.billing.services]: [MockPAC] Generando factura por $20000.00 en org parent
[LOCAL] [2026-08-20 06:50:11] INFO [apps.billing.services]: [MockPAC] Generando factura por $100.0 en org org_mock_tenant_123
[LOCAL] [2026-08-20 06:50:13] INFO [apps.billing.services]: [MockPAC] Generando factura por $1000.0 en org org_mock_tenant_lco
[LOCAL] [2026-08-20 06:50:14] INFO [apps.billing.services]: [MockPAC] Generando factura por $20000.00 en org None
[LOCAL] [2026-08-20 06:50:15] INFO [apps.billing.services]: [MockPAC] Generando factura por $20000.00 en org None
[LOCAL] [2026-08-20 06:50:16] INFO [apps.billing.services]: [MockPAC] Generando factura por $500.00 en org org_mock_tenant_123
[LOCAL] [2026-08-20 06:50:17] INFO [apps.billing.services]: [MockPAC] Generando factura por $500.00 en org org_mock_tenant_123
[LOCAL] [2026-08-20 06:50:18] INFO [apps.billing.services]: [MockPAC] Generando factura por $500.00 en org org_mock_tenant_123
[LOCAL] [2026-08-20 06:50:27] INFO [apps.billing.services]: [MockPAC] Creando organización para RFC: XAXX010101000
[LOCAL] [2026-08-20 06:50:28] INFO [apps.billing.services]: [MockPAC] Generando factura por $1000.0 en org org_mock_tenant_lco
[LOCAL] [2026-08-20 06:50:29] INFO [apps.billing.services]: [MockPAC] Generando factura por $1000.0 en org org_mock_tenant_123
[LOCAL] [2026-08-20 06:57:16] INFO [apps.billing.services]: [MockPAC] Listando clientes de org None
[LOCAL] [2026-08-20 06:57:16] INFO [apps.billing.services]: [MockPAC] Creando cliente XAXX010101000 en org None
[LOCAL] [2026-08-20 06:57:16] INFO [apps.billing.services]: [MockPAC] Actualizando cliente cus_mock_f75148b5847d en org None
[LOCAL] [2026-08-20 06:57:16] INFO [apps.billing.services]: [MockPAC] Eliminando cliente cus_mock_f75148b5847d de org None
[LOCAL] [2026-08-20 06:57:17] INFO [apps.billing.services]: [MockPAC] Listando clientes de org org_mock_tenant_123
[LOCAL] [2026-08-20 06:57:17] INFO [apps.billing.services]: [MockPAC] Creando cliente XAXX010101000 en org org_mock_tenant_123
[LOCAL] [2026-08-20 06:57:17] INFO [apps.billing.services]: [MockPAC] Actualizando cliente cus_mock_001 en org org_mock_tenant_123
[LOCAL] [2026-08-20 06:57:17] INFO [apps.billing.services]: [MockPAC] Eliminando cliente cus_mock_001 de org org_mock_tenant_123
[LOCAL] [2026-08-20 06:57:18] INFO [apps.billing.services]: [MockPAC] Listando productos de org None
[LOCAL] [2026-08-20 06:57:18] INFO [apps.billing.services]: [MockPAC] Creando producto Global Plan Item en org None
[LOCAL] [2026-08-20 06:57:18] INFO [apps.billing.services]: [MockPAC] Actualizando producto prod_mock_d438e1632474 en org None
[LOCAL] [2026-08-20 06:57:18] INFO [apps.billing.services]: [MockPAC] Eliminando producto prod_mock_d438e1632474 de org None
[LOCAL] [2026-08-20 06:57:19] INFO [apps.billing.services]: [MockPAC] Listando productos de org org_mock_tenant_123
[LOCAL] [2026-08-20 06:57:19] INFO [apps.billing.services]: [MockPAC] Creando producto Premium Support Hours en org org_mock_tenant_123
[LOCAL] [2026-08-20 06:57:19] INFO [apps.billing.services]: [MockPAC] Actualizando producto prod_mock_001 en org org_mock_tenant_123
[LOCAL] [2026-08-20 06:57:19] INFO [apps.billing.services]: [MockPAC] Eliminando producto prod_mock_001 de org org_mock_tenant_123
[LOCAL] [2026-08-20 06:57:20] INFO [apps.billing.services]: [MockPAC] Creando recibo para org None
[LOCAL] [2026-08-20 06:57:21] INFO [apps.billing.services]: [MockPAC] Listando recibos de org org_mock_tenant_123
[LOCAL] [2026-08-20 06:57:21] INFO [apps.billing.services]: [MockPAC] Creando recibo para org org_mock_tenant_123
[LOCAL] [2026-08-20 06:57:22] INFO [apps.billing.services]: [MockPAC] Creando retención para org None
[LOCAL] [2026-08-20 06:57:23] INFO [apps.billing.services]: [MockPAC] Listando retenciones de org org_mock_tenant_123
[LOCAL] [2026-08-20 06:57:23] INFO [apps.billing.services]: [MockPAC] Creando retención para org org_mock_tenant_123
[LOCAL] [2026-08-20 06:57:28] INFO [apps.billing.services]: [MockPAC] Solicitando cancelación para CFDI SAT UUID: a3c428a2-25de-4dfb-90f7-872ab67262ba con motivo 02, sustitución: None
[LOCAL] [2026-08-20 06:57:28] INFO [apps.billing.services]: [MockPAC] Generando factura por $20000.00 en org parent
[LOCAL] [2026-08-20 06:57:31] INFO [apps.billing.services]: [MockPAC] Generando factura por $100.0 en org org_mock_tenant_123
[LOCAL] [2026-08-20 06:57:33] INFO [apps.billing.services]: [MockPAC] Generando factura por $1000.0 en org org_mock_tenant_lco
[LOCAL] [2026-08-20 06:57:33] INFO [apps.billing.services]: [MockPAC] Generando factura por $20000.00 en org None
[LOCAL] [2026-08-20 06:57:34] INFO [apps.billing.services]: [MockPAC] Generando factura por $20000.00 en org None
[LOCAL] [2026-08-20 06:57:35] INFO [apps.billing.services]: [MockPAC] Generando factura por $500.00 en org org_mock_tenant_123
[LOCAL] [2026-08-20 06:57:36] INFO [apps.billing.services]: [MockPAC] Generando factura por $500.00 en org org_mock_tenant_123
[LOCAL] [2026-08-20 06:57:37] INFO [apps.billing.services]: [MockPAC] Generando factura por $500.00 en org org_mock_tenant_123
[LOCAL] [2026-08-20 06:57:47] INFO [apps.billing.services]: [MockPAC] Creando organización para RFC: XAXX010101000
[LOCAL] [2026-08-20 06:57:48] INFO [apps.billing.services]: [MockPAC] Generando factura por $1000.0 en org org_mock_tenant_lco
[LOCAL] [2026-08-20 06:57:49] INFO [apps.billing.services]: [MockPAC] Generando factura por $1000.0 en org org_mock_tenant_123
[LOCAL] [2026-08-24 04:40:24] INFO [apps.billing.services]: [MockPAC] Listando clientes de org None
[LOCAL] [2026-08-24 04:40:24] INFO [apps.billing.services]: [MockPAC] Creando cliente XAXX010101000 en org None
[LOCAL] [2026-08-24 04:40:24] INFO [apps.billing.services]: [MockPAC] Actualizando cliente cus_mock_6f3e6c0584ab en org None
[LOCAL] [2026-08-24 04:40:24] INFO [apps.billing.services]: [MockPAC] Eliminando cliente cus_mock_6f3e6c0584ab de org None
[LOCAL] [2026-08-24 04:40:25] INFO [apps.billing.services]: [MockPAC] Listando clientes de org org_mock_tenant_123
[LOCAL] [2026-08-24 04:40:25] INFO [apps.billing.services]: [MockPAC] Creando cliente XAXX010101000 en org org_mock_tenant_123
[LOCAL] [2026-08-24 04:40:25] INFO [apps.billing.services]: [MockPAC] Actualizando cliente cus_mock_001 en org org_mock_tenant_123
[LOCAL] [2026-08-24 04:40:25] INFO [apps.billing.services]: [MockPAC] Eliminando cliente cus_mock_001 de org org_mock_tenant_123
[LOCAL] [2026-08-24 04:40:26] INFO [apps.billing.services]: [MockPAC] Listando productos de org None
[LOCAL] [2026-08-24 04:40:26] INFO [apps.billing.services]: [MockPAC] Creando producto Global Plan Item en org None
[LOCAL] [2026-08-24 04:40:26] INFO [apps.billing.services]: [MockPAC] Actualizando producto prod_mock_f85f70c49758 en org None
[LOCAL] [2026-08-24 04:40:26] INFO [apps.billing.services]: [MockPAC] Eliminando producto prod_mock_f85f70c49758 de org None
[LOCAL] [2026-08-24 04:40:27] INFO [apps.billing.services]: [MockPAC] Listando productos de org org_mock_tenant_123
[LOCAL] [2026-08-24 04:40:27] INFO [apps.billing.services]: [MockPAC] Creando producto Premium Support Hours en org org_mock_tenant_123
[LOCAL] [2026-08-24 04:40:27] INFO [apps.billing.services]: [MockPAC] Actualizando producto prod_mock_001 en org org_mock_tenant_123
[LOCAL] [2026-08-24 04:40:27] INFO [apps.billing.services]: [MockPAC] Eliminando producto prod_mock_001 de org org_mock_tenant_123
[LOCAL] [2026-08-24 04:40:28] INFO [apps.billing.services]: [MockPAC] Creando recibo para org None
[LOCAL] [2026-08-24 04:40:29] INFO [apps.billing.services]: [MockPAC] Listando recibos de org org_mock_tenant_123
[LOCAL] [2026-08-24 04:40:29] INFO [apps.billing.services]: [MockPAC] Creando recibo para org org_mock_tenant_123
[LOCAL] [2026-08-24 04:40:30] INFO [apps.billing.services]: [MockPAC] Creando retención para org None
[LOCAL] [2026-08-24 04:40:31] INFO [apps.billing.services]: [MockPAC] Listando retenciones de org org_mock_tenant_123
[LOCAL] [2026-08-24 04:40:31] INFO [apps.billing.services]: [MockPAC] Creando retención para org org_mock_tenant_123
[LOCAL] [2026-08-24 04:40:36] INFO [apps.billing.services]: [MockPAC] Solicitando cancelación para CFDI SAT UUID: a3c428a2-25de-4dfb-90f7-872ab67262ba con motivo 02, sustitución: None
[LOCAL] [2026-08-24 04:40:36] INFO [apps.billing.services]: [MockPAC] Generando factura por $20000.00 en org parent
[LOCAL] [2026-08-24 04:40:38] INFO [apps.billing.services]: [MockPAC] Generando factura por $100.0 en org org_mock_tenant_123
[LOCAL] [2026-08-24 04:40:40] INFO [apps.billing.services]: [MockPAC] Generando factura por $1000.0 en org org_mock_tenant_lco
[LOCAL] [2026-08-24 04:40:41] INFO [apps.billing.services]: [MockPAC] Generando factura por $20000.00 en org None
[LOCAL] [2026-08-24 04:40:42] INFO [apps.billing.services]: [MockPAC] Generando factura por $20000.00 en org None
[LOCAL] [2026-08-24 04:40:43] INFO [apps.billing.services]: [MockPAC] Generando factura por $500.00 en org org_mock_tenant_123
[LOCAL] [2026-08-24 04:40:44] INFO [apps.billing.services]: [MockPAC] Generando factura por $500.00 en org org_mock_tenant_123
[LOCAL] [2026-08-24 04:40:45] INFO [apps.billing.services]: [MockPAC] Generando factura por $500.00 en org org_mock_tenant_123
[LOCAL] [2026-08-24 04:40:53] INFO [apps.billing.services]: [MockPAC] Creando organización para RFC: XAXX010101000
[LOCAL] [2026-08-24 04:40:54] INFO [apps.billing.services]: [MockPAC] Generando factura por $1000.0 en org org_mock_tenant_lco
[LOCAL] [2026-08-24 04:40:55] INFO [apps.billing.services]: [MockPAC] Generando factura por $1000.0 en org org_mock_tenant_123
