[LOCAL] [2026-08-07 02:50:00] INFO [apps.shop.signals]: Project 'Ecosistema Plan Pro-Dev - Client Company SA' automatically generated for Contract #1.
[LOCAL] [2026-08-07 02:50:00] INFO [apps.shop.signals]: Project 'Ecosistema Plan Embajador Premium - Ambassador Brand Influencer' automatically generated for Contract #2.
[LOCAL] [2026-08-07 02:50:02] INFO [apps.shop.signals]: Project 'Ecosistema Plan Pro-Dev - Client Company SA' automatically generated for Contract #1.
[LOCAL] [2026-08-07 02:50:05] INFO [apps.shop.signals]: Project 'Ecosistema Plan Pro-Dev - Client Company SA' automatically generated for Contract #1.
[LOCAL] [2026-08-07 02:50:08] INFO [apps.shop.signals]: Project 'Ecosistema Plan Pro-Dev - Client Company SA' automatically generated for Contract #1.
[LOCAL] [2026-08-07 02:50:11] INFO [apps.shop.signals]: Project 'Ecosistema Plan Pro-Dev - Client Company SA' automatically generated for Contract #1.
[LOCAL] [2026-08-07 02:50:12] INFO [apps.shop.signals]: Project 'Ecosistema Plan Pro-Dev - Client Company SA' automatically generated for Contract #1.
[LOCAL] [2026-08-07 02:50:14] INFO [apps.shop.signals]: Project 'Ecosistema Plan Pro-Dev - Client Company SA' automatically generated for Contract #1.
[LOCAL] [2026-08-07 02:50:16] INFO [apps.shop.signals]: Project 'Ecosistema Plan Pro-Dev - Client Company SA' automatically generated for Contract #1.
[LOCAL] [2026-08-07 02:50:18] INFO [apps.shop.signals]: Project 'Ecosistema Plan Pro-Dev - Client Company SA' automatically generated for Contract #1.
[LOCAL] [2026-08-07 02:50:20] INFO [apps.shop.signals]: Project 'Ecosistema Plan Pro-Dev - Client Company SA' automatically generated for Contract #1.
[LOCAL] [2026-08-07 02:50:22] INFO [apps.shop.signals]: Project 'Ecosistema Plan Pro-Dev - Client Company SA' automatically generated for Contract #1.
[LOCAL] [2026-08-07 02:50:24] INFO [apps.shop.signals]: Project 'Ecosistema Plan Pro-Dev - Client Company SA' automatically generated for Contract #1.
[LOCAL] [2026-08-07 02:50:26] INFO [apps.shop.signals]: Project 'Ecosistema Plan Pro-Dev - Client Company SA' automatically generated for Contract #1.
[LOCAL] [2026-08-07 02:50:28] INFO [apps.shop.signals]: Project 'Ecosistema Plan Pro-Dev - Client Company SA' automatically generated for Contract #1.
[LOCAL] [2026-08-07 02:50:30] INFO [apps.shop.signals]: Project 'Ecosistema Plan Pro-Dev - Client Company SA' automatically generated for Contract #1.
[LOCAL] [2026-08-07 02:50:32] INFO [apps.shop.signals]: Project 'Ecosistema Plan Pro-Dev - Client Company SA' automatically generated for Contract #1.
[LOCAL] [2026-08-07 02:50:34] INFO [apps.shop.signals]: Project 'Ecosistema Plan Pro-Dev - Client Company SA' automatically generated for Contract #1.
[LOCAL] [2026-08-07 02:50:36] INFO [apps.shop.signals]: Project 'Ecosistema Plan Pro-Dev - Client Company SA' automatically generated for Contract #1.
[LOCAL] [2026-08-07 02:50:37] INFO [apps.shop.signals]: Project 'Ecosistema Ecosistema - Client Company B' automatically generated for Contract #2.
[LOCAL] [2026-08-07 02:50:39] INFO [apps.shop.signals]: Project 'Ecosistema Plan Pro-Dev - Client Company SA' automatically generated for Contract #1.
[LOCAL] [2026-08-07 02:50:41] INFO [apps.shop.signals]: Project 'Ecosistema Plan Pro-Dev - Client Company SA' automatically generated for Contract #1.
[LOCAL] [2026-08-07 02:50:43] INFO [apps.shop.signals]: Project 'Ecosistema Plan Pro-Dev - Client Company SA' automatically generated for Contract #1.
[LOCAL] [2026-08-07 02:50:45] INFO [apps.shop.signals]: Project 'Ecosistema Plan Pro-Dev - Client Company SA' automatically generated for Contract #1.
[LOCAL] [2026-08-07 02:50:46] INFO [apps.shop.signals]: Project 'Ecosistema Plan Pro-Dev - Client Company SA' automatically generated for Contract #1.
[LOCAL] [2026-08-07 02:50:48] INFO [apps.shop.signals]: Project 'Ecosistema Plan Pro-Dev - Client Company SA' automatically generated for Contract #1.
[LOCAL] [2026-08-07 02:50:50] INFO [apps.shop.signals]: Project 'Ecosistema Plan Pro-Dev - Client Company SA' automatically generated for Contract #1.
[LOCAL] [2026-08-07 02:50:52] INFO [apps.shop.signals]: Project 'Ecosistema Plan Pro-Dev - Client Company SA' automatically generated for Contract #1.
[LOCAL] [2026-08-07 02:50:54] INFO [apps.shop.signals]: Project 'Ecosistema Plan Pro-Dev - Client Company SA' automatically generated for Contract #1.
[LOCAL] [2026-08-07 02:50:56] INFO [apps.shop.signals]: Project 'Ecosistema Plan Pro-Dev - Client Company SA' automatically generated for Contract #1.
[LOCAL] [2026-08-07 02:50:59] INFO [apps.shop.signals]: Project 'Ecosistema Plan Pro-Dev - Client Company SA' automatically generated for Contract #1.
[LOCAL] [2026-08-07 02:51:01] INFO [apps.shop.signals]: Project 'Ecosistema Plan Pro-Dev - Client Company SA' automatically generated for Contract #1.
[LOCAL] [2026-08-07 02:51:03] INFO [apps.shop.signals]: Project 'Ecosistema Plan Pro-Dev - Client Company SA' automatically generated for Contract #1.
[LOCAL] [2026-08-07 02:51:05] INFO [apps.shop.signals]: Project 'Ecosistema Plan Pro-Dev - Client Company SA' automatically generated for Contract #1.
[LOCAL] [2026-08-07 02:51:07] INFO [apps.shop.signals]: Project 'Ecosistema Plan Pro-Dev - Client Company SA' automatically generated for Contract #1.
[LOCAL] [2026-08-07 02:51:10] INFO [apps.shop.signals]: Project 'Ecosistema Plan Pro-Dev - Client Company SA' automatically generated for Contract #1.
[LOCAL] [2026-08-07 02:51:12] INFO [apps.shop.signals]: Project 'Ecosistema Plan Pro-Dev - Client Company SA' automatically generated for Contract #1.
[LOCAL] [2026-08-07 02:51:14] INFO [apps.shop.signals]: Project 'Ecosistema Plan Pro-Dev - Client Company SA' automatically generated for Contract #1.
[LOCAL] [2026-08-07 02:51:16] INFO [apps.shop.signals]: Project 'Ecosistema Plan Pro-Dev - Client Company SA' automatically generated for Contract #1.
[LOCAL] [2026-08-07 02:51:18] INFO [apps.shop.signals]: Project 'Ecosistema Plan Pro-Dev - Client Company SA' automatically generated for Contract #1.
[LOCAL] [2026-08-07 02:51:31] INFO [apps.shop.signals]: Project 'Ecosistema Ecosistema - Owner A Contract' automatically generated for Contract #1.
[LOCAL] [2026-08-07 02:51:39] INFO [apps.shop.signals]: Project 'Ecosistema Ecosistema - Owner A Contract' automatically generated for Contract #1.
[LOCAL] [2026-08-07 02:51:43] INFO [apps.shop.signals]: Project 'Ecosistema Ecosistema - Owner A Contract' automatically generated for Contract #1.
[LOCAL] [2026-08-07 02:51:46] INFO [apps.shop.signals]: Project 'Ecosistema Ecosistema - Owner A Contract' automatically generated for Contract #1.
[LOCAL] [2026-08-07 02:51:54] INFO [apps.shop.signals]: Project 'Ecosistema Ecosistema - Owner A Contract' automatically generated for Contract #1.
[LOCAL] [2026-08-07 02:51:54] INFO [apps.shop.signals]: Project 'Ecosistema Ecosistema - Owner B Contract' automatically generated for Contract #2.
[LOCAL] [2026-08-07 02:52:04] INFO [apps.shop.signals]: Project 'Ecosistema Plan Test - Client Stats Company' automatically generated for Contract #1.
[LOCAL] [2026-08-07 02:52:06] INFO [apps.shop.signals]: Project 'Ecosistema Ecosistema - Client Stats Company 2' automatically generated for Contract #1.
[LOCAL] [2026-08-07 02:53:20] INFO [apps.shop.signals]: Project 'Ecosistema Ecosistema - Owner A Contract' automatically generated for Contract #1.
[LOCAL] [2026-08-07 02:53:27] INFO [apps.shop.signals]: Project 'Ecosistema Ecosistema - Owner A Contract' automatically generated for Contract #1.
[LOCAL] [2026-08-07 02:53:37] INFO [apps.shop.signals]: Project 'Ecosistema Ecosistema - Owner A Contract' automatically generated for Contract #1.
[LOCAL] [2026-08-07 02:53:42] INFO [apps.shop.signals]: Project 'Ecosistema Ecosistema - Owner A' automatically generated for Contract #1.
[LOCAL] [2026-08-07 02:53:47] INFO [apps.shop.signals]: Project 'Ecosistema Ecosistema - Owner A' automatically generated for Contract #1.
[LOCAL] [2026-08-07 02:53:52] INFO [apps.shop.signals]: Project 'Ecosistema Ecosistema - Owner A' automatically generated for Contract #1.
[LOCAL] [2026-08-07 02:53:52] INFO [apps.shop.signals]: Project 'Ecosistema Ecosistema - Owner B' automatically generated for Contract #2.
[LOCAL] [2026-08-07 02:53:58] INFO [apps.shop.signals]: Project 'Ecosistema Ecosistema - Owner A Contract' automatically generated for Contract #1.
[LOCAL] [2026-08-07 02:54:03] INFO [apps.shop.signals]: Project 'Ecosistema Ecosistema - Owner A Contract' automatically generated for Contract #1.
[LOCAL] [2026-08-07 02:54:03] INFO [apps.shop.signals]: Project 'Ecosistema Ecosistema - Owner B Contract' automatically generated for Contract #2.
[LOCAL] [2026-08-07 02:54:12] INFO [apps.shop.signals]: Project 'Ecosistema Ecosistema - Client Company' automatically generated for Contract #1.
[LOCAL] [2026-08-07 02:54:14] INFO [apps.shop.signals]: Project 'Ecosistema Plan Test - Plan Client Company' automatically generated for Contract #1.
[LOCAL] [2026-08-07 02:54:14] WARNING [apps.shop.notify]: [notify_support] INICIO — addon='Test Addon' user='client_addon@example.com' tenant='None'
[LOCAL] [2026-08-07 02:54:14] WARNING [apps.shop.notify]: [notify_support] Enviando email a soporte: soporte@nectarlabs.dev
[LOCAL] [2026-08-07 02:54:14] WARNING [apps.shop.notify]: [notify_support] ✓ Email enviado a soporte@nectarlabs.dev para addon 'Test Addon'.
[LOCAL] [2026-08-07 02:54:14] WARNING [apps.shop.notify]: [notify_support] Broadcast realtime → http://realtime:4001/internal/broadcast-admin
[LOCAL] [2026-08-07 02:54:14] WARNING [apps.shop.notify]: [notify_support] ✓ Realtime broadcast OK: {"ok":true,"admins_online":0}
[LOCAL] [2026-08-07 02:54:14] WARNING [apps.shop.notify]: [notify_support] FIN — addon='Test Addon'
[LOCAL] [2026-08-07 02:54:18] INFO [apps.shop.signals]: Project 'Ecosistema Plan Pro-Dev - Auto Project Co' automatically generated for Contract #1.
[LOCAL] [2026-08-07 02:54:21] INFO [apps.shop.signals]: Project 'Ecosistema Plan Pro-Dev - Client Company SA' automatically generated for Contract #1.
[LOCAL] [2026-08-07 02:54:23] INFO [apps.shop.signals]: Project 'Ecosistema Plan Premium - Client Company SA' automatically generated for Contract #1.
[LOCAL] [2026-08-07 02:54:26] INFO [apps.shop.signals]: Project 'Ecosistema Plan Basico - Client Company SA' automatically generated for Contract #1.
[LOCAL] [2026-08-07 02:54:34] INFO [apps.shop.signals]: Project 'Ecosistema Ecosistema - Contract A' automatically generated for Contract #1.
[LOCAL] [2026-08-07 02:54:34] INFO [apps.shop.signals]: Project 'Ecosistema Ecosistema - Contract B' automatically generated for Contract #2.
[LOCAL] [2026-08-07 02:54:37] INFO [apps.shop.signals]: Project 'Ecosistema Ecosistema - Quote Client Company' automatically generated for Contract #1.
[LOCAL] [2026-08-07 02:54:41] INFO [apps.shop.signals]: Project 'Ecosistema Plan Premium-Dev - Referral Customer Co' automatically generated for Contract #1.
[LOCAL] [2026-08-07 02:54:52] INFO [apps.shop.signals]: Project 'Ecosistema Plan Premium-Dev - Retroactive Co' automatically generated for Contract #1.
[LOCAL] [2026-08-07 02:54:56] INFO [apps.shop.signals]: Project 'Ecosistema Ecosistema - Quote Client Company' automatically generated for Contract #1.
[LOCAL] [2026-08-07 02:55:01] INFO [apps.shop.signals]: Project 'Ecosistema Plan Premium-Dev - Salesperson referred client' automatically generated for Contract #1.
[LOCAL] [2026-08-07 02:55:05] INFO [apps.shop.signals]: Project 'Ecosistema Plan Premium-Dev - Salesperson referred client' automatically generated for Contract #1.
[LOCAL] [2026-08-07 02:55:11] INFO [apps.shop.signals]: Project 'Ecosistema Ecosistema - Quote Client Company' automatically generated for Contract #1.
[LOCAL] [2026-08-07 02:55:14] INFO [apps.shop.signals]: Project 'Ecosistema Ecosistema - Quote Client Company' automatically generated for Contract #1.
[LOCAL] [2026-08-07 02:55:17] INFO [apps.shop.signals]: Project 'Ecosistema Ecosistema - Quote Client Company' automatically generated for Contract #1.
[LOCAL] [2026-08-07 02:55:21] INFO [apps.shop.signals]: Project 'Ecosistema Ecosistema - Quote Client Company' automatically generated for Contract #1.
[LOCAL] [2026-08-07 02:55:24] INFO [apps.shop.signals]: Project 'Ecosistema Ecosistema - Quote Client Company' automatically generated for Contract #1.
[LOCAL] [2026-08-07 02:55:40] INFO [apps.shop.views]: [stripe_webhook] addon_subscription recibido: user_id=1 addon_id=1 addon_slug=None
[LOCAL] [2026-08-07 02:55:40] INFO [apps.shop.signals]: Project 'Ecosistema Ecosistema - addon-client' automatically generated for Contract #1.
[LOCAL] [2026-08-07 02:55:40] INFO [apps.shop.views]: [stripe_webhook] Intentando notify_support: user=addon_client@example.com contract=1
[LOCAL] [2026-08-07 02:55:40] INFO [apps.shop.views]: [stripe_webhook] Llamando notify_support_addon_subscription addon=Test Live Chat tenant=addon-client
[LOCAL] [2026-08-07 02:55:40] WARNING [apps.shop.notify]: [notify_support] INICIO — addon='Test Live Chat' user='addon_client@example.com' tenant='addon-client'
[LOCAL] [2026-08-07 02:55:40] WARNING [apps.shop.notify]: [notify_support] Enviando email a soporte: soporte@nectarlabs.dev
[LOCAL] [2026-08-07 02:55:40] WARNING [apps.shop.notify]: [notify_support] ✓ Email enviado a soporte@nectarlabs.dev para addon 'Test Live Chat'.
[LOCAL] [2026-08-07 02:55:40] WARNING [apps.shop.notify]: [notify_support] Broadcast realtime → http://realtime:4001/internal/broadcast-admin
[LOCAL] [2026-08-07 02:55:40] WARNING [apps.shop.notify]: [notify_support] ✓ Realtime broadcast OK: {"ok":true,"admins_online":0}
[LOCAL] [2026-08-07 02:55:40] WARNING [apps.shop.notify]: [notify_support] FIN — addon='Test Live Chat'
[LOCAL] [2026-08-07 02:55:40] INFO [apps.shop.views]: [stripe_webhook] notify_support_addon_subscription completado sin excepción
[LOCAL] [2026-08-07 02:55:42] INFO [apps.shop.signals]: Project 'Ecosistema Plan Test Stripe - Stripe Client Company' automatically generated for Contract #1.
[LOCAL] [2026-08-07 02:55:42] INFO [apps.shop.signals]: Project 'Ecosistema Ecosistema - Custom CRM Company' automatically generated for Contract #2.
[LOCAL] [2026-08-07 02:55:45] INFO [apps.shop.signals]: Project 'Ecosistema Plan Test Stripe - Stripe Client Company' automatically generated for Contract #1.
[LOCAL] [2026-08-07 02:55:50] INFO [apps.shop.signals]: Project 'Ecosistema Ecosistema - Owner A Contract' automatically generated for Contract #1.
[LOCAL] [2026-08-07 02:56:03] INFO [apps.shop.signals]: Project 'Ecosistema Developer Plan - Owner Contract Test' automatically generated for Contract #1.
[LOCAL] [2026-08-07 02:56:48] INFO [apps.shop.signals]: Project 'Ecosistema 6 Months Plan - Owner A Contract' automatically generated for Contract #1.
[LOCAL] [2026-08-07 02:57:59] INFO [apps.shop.signals]: Project 'Ecosistema Ecosistema - Owner A Contract' automatically generated for Contract #1.
[LOCAL] [2026-08-07 02:58:03] INFO [apps.shop.signals]: Project 'Ecosistema 6 Months Plan - Owner A Contract' automatically generated for Contract #1.
